------------------------------------------------------------
TimeQuest Timing Analyzer Summary
------------------------------------------------------------

Type  : Slow 1100mV 85C Model Setup 'CLOCK_50'
Slack : -4.903
TNS   : -315.914

Type  : Slow 1100mV 85C Model Setup 'clock_divider:comb_60|Pulse_ms'
Slack : -3.212
TNS   : -152.910

Type  : Slow 1100mV 85C Model Hold 'clock_divider:comb_60|Pulse_ms'
Slack : 0.262
TNS   : 0.000

Type  : Slow 1100mV 85C Model Hold 'CLOCK_50'
Slack : 0.313
TNS   : 0.000

Type  : Slow 1100mV 85C Model Minimum Pulse Width 'CLOCK_50'
Slack : -0.394
TNS   : -72.026

Type  : Slow 1100mV 85C Model Minimum Pulse Width 'clock_divider:comb_60|Pulse_ms'
Slack : -0.394
TNS   : -37.324

Type  : Slow 1100mV 0C Model Setup 'CLOCK_50'
Slack : -4.726
TNS   : -297.529

Type  : Slow 1100mV 0C Model Setup 'clock_divider:comb_60|Pulse_ms'
Slack : -3.258
TNS   : -153.017

Type  : Slow 1100mV 0C Model Hold 'CLOCK_50'
Slack : -0.041
TNS   : -0.065

Type  : Slow 1100mV 0C Model Hold 'clock_divider:comb_60|Pulse_ms'
Slack : 0.263
TNS   : 0.000

Type  : Slow 1100mV 0C Model Minimum Pulse Width 'CLOCK_50'
Slack : -0.408
TNS   : -78.046

Type  : Slow 1100mV 0C Model Minimum Pulse Width 'clock_divider:comb_60|Pulse_ms'
Slack : -0.394
TNS   : -36.699

Type  : Fast 1100mV 85C Model Setup 'CLOCK_50'
Slack : -2.488
TNS   : -157.553

Type  : Fast 1100mV 85C Model Setup 'clock_divider:comb_60|Pulse_ms'
Slack : -1.477
TNS   : -69.364

Type  : Fast 1100mV 85C Model Hold 'clock_divider:comb_60|Pulse_ms'
Slack : 0.087
TNS   : 0.000

Type  : Fast 1100mV 85C Model Hold 'CLOCK_50'
Slack : 0.105
TNS   : 0.000

Type  : Fast 1100mV 85C Model Minimum Pulse Width 'CLOCK_50'
Slack : -0.432
TNS   : -11.964

Type  : Fast 1100mV 85C Model Minimum Pulse Width 'clock_divider:comb_60|Pulse_ms'
Slack : 0.014
TNS   : 0.000

Type  : Fast 1100mV 0C Model Setup 'CLOCK_50'
Slack : -2.189
TNS   : -126.925

Type  : Fast 1100mV 0C Model Setup 'clock_divider:comb_60|Pulse_ms'
Slack : -1.431
TNS   : -63.759

Type  : Fast 1100mV 0C Model Hold 'CLOCK_50'
Slack : -0.081
TNS   : -0.220

Type  : Fast 1100mV 0C Model Hold 'clock_divider:comb_60|Pulse_ms'
Slack : 0.075
TNS   : 0.000

Type  : Fast 1100mV 0C Model Minimum Pulse Width 'CLOCK_50'
Slack : -0.449
TNS   : -11.945

Type  : Fast 1100mV 0C Model Minimum Pulse Width 'clock_divider:comb_60|Pulse_ms'
Slack : 0.046
TNS   : 0.000

------------------------------------------------------------
